[SESSION] scenario=timed node=shugo-desktop role=primary-capable data-dir=G:\Program Prototype\shugocore\runtime\agency_node
[TURN   ] typed: remind me in two seconds to check the battery
[SPEAK  ] Got it — timer set for 2 seconds.
[AGENT  ] [AGENT] cwd -> G:\Program Prototype\shugocore\runtime\agency_node
[AGENT  ] [AGENT] sound: policy says listen_mode=speech (sound perception is not enabled in configuration for this node)
[AGENT  ] [PERSONALITY] resumed at gen 15
[AGENT  ] [PERSONALITY] governor live (gen 15)
[AGENT  ] [AGENT] shugonet runtime started on port 9000 (memory=on, peers=0)
[AGENT  ] [AGENT] delegation manager ready
[AGENT  ] [AGENT] agent ready (device=desktop, api=http://127.0.0.1:11434, engine=DecisionEngine)
[AGENT  ] [AGENT] intent: UserIntent(command, conf=0.85)
[AGENT  ] [AGENT] say: Got it — timer set for 2 seconds.
[AGENT  ] [AGENT] command: timer_set
[AGENT  ] [AGENT] typed (terminal): remind me in two seconds to check the battery
[AGENT  ] [AGENT] orchestration mode: primary (holding the lease)
[AGENT  ] [MEMORY] stored 1 new conversation turn(s) in Tier-2
[AGENT  ] [AGENT] cycle=1 outcome=NO_ACTION stages=OBSERVE+GATE+DECIDE+RECORD
[AGENT  ] [AGENT] cycle=2 outcome=NO_ACTION stages=OBSERVE+GATE+DECIDE+RECORD
[AGENT  ] [AGENT] cycle=3 outcome=SUCCESS stages=OBSERVE+GATE+DECIDE+EXECUTE+EVALUATE+RECORD
[AGENT  ] [AGENT] cycle=4 outcome=SUCCESS stages=OBSERVE+GATE+DECIDE+EXECUTE+EVALUATE+RECORD
[SPEAK  ] Timer is done!
[AGENT  ] [AGENT] say: Timer is done!
[AGENT  ] [TIMER] timer fired: Timer (a06e7500)
[AGENT  ] [MEMORY] stored 1 new conversation turn(s) in Tier-2
[AGENT  ] [AGENT] cycle=5 outcome=SUCCESS stages=OBSERVE+GATE+DECIDE+EXECUTE+EVALUATE+RECORD
[SESSION] speaks=2 early_stop=True
[STATUS ] mesh_role="standalone"
[STATUS ] security_baseline={"baseline_ok": true, "checked": 4, "violations": []}
[STATUS ] pipeline={"stages": {"sensors": "unknown", "vision": "unknown", "hearing": "unknown", "speech": "ok", "model": "down", "memory": "ok"}, "overall": "down", "round_trips": 0, "backing": "rule_fallback"}
